Archive member included because of file (symbol)

/Users/ethanKeller/Dropbox/Code/GreenBox/Arduino/arduinolib/libAtMega328PCore.a(wiring.c.o)
                              ./src/photoresistorleddriver.o (delay)
/Users/ethanKeller/Dropbox/Code/GreenBox/Arduino/arduinolib/libAtMega328PCore.a(wiring_analog.c.o)
                              ./src/photoresistorleddriver.o (analogRead)
/Users/ethanKeller/Dropbox/Code/GreenBox/Arduino/arduinolib/libAtMega328PCore.a(wiring_digital.c.o)
                              ./src/photoresistorleddriver.o (pinMode)
/Users/ethanKeller/Dropbox/Code/GreenBox/Arduino/arduinolib/libAtMega328PCore.a(HardwareSerial.cpp.o)
                              ./src/photoresistorleddriver.o (_ZN14HardwareSerial5beginEmh)
/Users/ethanKeller/Dropbox/Code/GreenBox/Arduino/arduinolib/libAtMega328PCore.a(HardwareSerial0.cpp.o)
                              ./src/photoresistorleddriver.o (Serial)
/Users/ethanKeller/Dropbox/Code/GreenBox/Arduino/arduinolib/libAtMega328PCore.a(main.cpp.o)
                              /opt/local/lib/gcc/avr/4.9.1/../../../../avr/lib/avr5/crtm328p.o (main)
/Users/ethanKeller/Dropbox/Code/GreenBox/Arduino/arduinolib/libAtMega328PCore.a(Print.cpp.o)
                              /Users/ethanKeller/Dropbox/Code/GreenBox/Arduino/arduinolib/libAtMega328PCore.a(HardwareSerial.cpp.o) (_ZN5Print5writeEPKhj)
/Users/ethanKeller/Dropbox/Code/GreenBox/Arduino/arduinolib/libAtMega328PCore.a(hooks.c.o)
                              /Users/ethanKeller/Dropbox/Code/GreenBox/Arduino/arduinolib/libAtMega328PCore.a(wiring.c.o) (yield)
/Users/ethanKeller/Dropbox/Code/GreenBox/Arduino/arduinolib/libAtMega328PCore.a(abi.cpp.o)
                              /Users/ethanKeller/Dropbox/Code/GreenBox/Arduino/arduinolib/libAtMega328PCore.a(Print.cpp.o) (__cxa_pure_virtual)
/opt/local/lib/gcc/avr/4.9.1/avr5/libgcc.a(_divmodhi4.o)
                              ./src/photoresistorleddriver.o (__divmodhi4)
/opt/local/lib/gcc/avr/4.9.1/avr5/libgcc.a(_udivmodsi4.o)
                              /Users/ethanKeller/Dropbox/Code/GreenBox/Arduino/arduinolib/libAtMega328PCore.a(HardwareSerial.cpp.o) (__udivmodsi4)
/opt/local/lib/gcc/avr/4.9.1/avr5/libgcc.a(_exit.o)
                              /opt/local/lib/gcc/avr/4.9.1/../../../../avr/lib/avr5/crtm328p.o (exit)
/opt/local/lib/gcc/avr/4.9.1/avr5/libgcc.a(_copy_data.o)
                              ./src/photoresistorleddriver.o (__do_copy_data)
/opt/local/lib/gcc/avr/4.9.1/avr5/libgcc.a(_clear_bss.o)
                              ./src/photoresistorleddriver.o (__do_clear_bss)
/opt/local/lib/gcc/avr/4.9.1/avr5/libgcc.a(_ctors.o)
                              /Users/ethanKeller/Dropbox/Code/GreenBox/Arduino/arduinolib/libAtMega328PCore.a(HardwareSerial0.cpp.o) (__do_global_ctors)
/opt/local/lib/gcc/avr/4.9.1/avr5/libgcc.a(_udivmodhi4.o)
                              /opt/local/lib/gcc/avr/4.9.1/avr5/libgcc.a(_divmodhi4.o) (__udivmodhi4)
/opt/local/lib/gcc/avr/4.9.1/avr5/libgcc.a(_tablejump.o)
                              /opt/local/lib/gcc/avr/4.9.1/avr5/libgcc.a(_ctors.o) (__tablejump__)
/opt/local/lib/gcc/avr/4.9.1/../../../../avr/lib/avr5/libm.a(addsf3.o)
                              /Users/ethanKeller/Dropbox/Code/GreenBox/Arduino/arduinolib/libAtMega328PCore.a(Print.cpp.o) (__subsf3)
/opt/local/lib/gcc/avr/4.9.1/../../../../avr/lib/avr5/libm.a(addsf3x.o)
                              /opt/local/lib/gcc/avr/4.9.1/../../../../avr/lib/avr5/libm.a(addsf3.o) (__addsf3x)
/opt/local/lib/gcc/avr/4.9.1/../../../../avr/lib/avr5/libm.a(cmpsf2.o)
                              /Users/ethanKeller/Dropbox/Code/GreenBox/Arduino/arduinolib/libAtMega328PCore.a(Print.cpp.o) (__ltsf2)
/opt/local/lib/gcc/avr/4.9.1/../../../../avr/lib/avr5/libm.a(divsf3.o)
                              /Users/ethanKeller/Dropbox/Code/GreenBox/Arduino/arduinolib/libAtMega328PCore.a(Print.cpp.o) (__divsf3)
/opt/local/lib/gcc/avr/4.9.1/../../../../avr/lib/avr5/libm.a(divsf3x.o)
                              /opt/local/lib/gcc/avr/4.9.1/../../../../avr/lib/avr5/libm.a(divsf3.o) (__divsf3x)
/opt/local/lib/gcc/avr/4.9.1/../../../../avr/lib/avr5/libm.a(fixsfsi.o)
                              /Users/ethanKeller/Dropbox/Code/GreenBox/Arduino/arduinolib/libAtMega328PCore.a(Print.cpp.o) (__fixsfsi)
/opt/local/lib/gcc/avr/4.9.1/../../../../avr/lib/avr5/libm.a(fixunssfsi.o)
                              /Users/ethanKeller/Dropbox/Code/GreenBox/Arduino/arduinolib/libAtMega328PCore.a(Print.cpp.o) (__fixunssfsi)
/opt/local/lib/gcc/avr/4.9.1/../../../../avr/lib/avr5/libm.a(floatsisf.o)
                              /Users/ethanKeller/Dropbox/Code/GreenBox/Arduino/arduinolib/libAtMega328PCore.a(Print.cpp.o) (__floatunsisf)
/opt/local/lib/gcc/avr/4.9.1/../../../../avr/lib/avr5/libm.a(fp_cmp.o)
                              /opt/local/lib/gcc/avr/4.9.1/../../../../avr/lib/avr5/libm.a(cmpsf2.o) (__fp_cmp)
/opt/local/lib/gcc/avr/4.9.1/../../../../avr/lib/avr5/libm.a(fp_inf.o)
[...]
Memory Configuration

Name             Origin             Length             Attributes
text             0x0000000000000000 0x0000000000020000 xr
data             0x0000000000800060 0x000000000000ffa0 rw !x
eeprom           0x0000000000810000 0x0000000000010000 rw !x
fuse             0x0000000000820000 0x0000000000000400 rw !x
lock             0x0000000000830000 0x0000000000000400 rw !x
signature        0x0000000000840000 0x0000000000000400 rw !x
*default*        0x0000000000000000 0xffffffffffffffff

Linker script and memory map

Address of section .data set to 0x800100
LOAD /opt/local/lib/gcc/avr/4.9.1/../../../../avr/lib/avr5/crtm328p.o
LOAD ./src/photoresistorleddriver.o
LOAD /Users/ethanKeller/Dropbox/Code/GreenBox/Arduino/arduinolib/libAtMega328PCore.a
LOAD /Users/ethanKeller/Dropbox/Code/GreenBox/Arduino/arduinolib/libcore.a
LOAD /opt/local/lib/gcc/avr/4.9.1/avr5/libgcc.a
LOAD /opt/local/lib/gcc/avr/4.9.1/../../../../avr/lib/avr5/libm.a
START GROUP
LOAD /opt/local/lib/gcc/avr/4.9.1/avr5/libgcc.a
LOAD /opt/local/lib/gcc/avr/4.9.1/../../../../avr/lib/avr5/libm.a
LOAD /opt/local/lib/gcc/avr/4.9.1/../../../../avr/lib/avr5/libc.a
END GROUP

.hash
 *(.hash)

.dynsym
 *(.dynsym)

.dynstr
 *(.dynstr)

.gnu.version
 *(.gnu.version)

.gnu.version_d
 *(.gnu.version_d)

.gnu.version_r
 *(.gnu.version_r)

.rel.init
 *(.rel.init)

.rela.init
 *(.rela.init)

.rel.text
 *(.rel.text)
 *(.rel.text.*)
 *(.rel.gnu.linkonce.t*)

.rela.text
 *(.rela.text)
 *(.rela.text.*)
 *(.rela.gnu.linkonce.t*)

.rel.fini
 *(.rel.fini)

.rela.fini
 *(.rela.fini)

.rel.rodata
 *(.rel.rodata)
 *(.rel.rodata.*)
 *(.rel.gnu.linkonce.r*)

.rela.rodata
 *(.rela.rodata)
 *(.rela.rodata.*)
 *(.rela.gnu.linkonce.r*)

.rel.data
 *(.rel.data)
 *(.rel.data.*)
 *(.rel.gnu.linkonce.d*)

.rela.data
 *(.rela.data)
 *(.rela.data.*)
 *(.rela.gnu.linkonce.d*)

.rel.ctors
 *(.rel.ctors)

.rela.ctors
 *(.rela.ctors)

.rel.dtors
 *(.rel.dtors)

.rela.dtors
 *(.rela.dtors)

.rel.got
 *(.rel.got)

.rela.got
 *(.rela.got)

.rel.bss
 *(.rel.bss)

.rela.bss
 *(.rela.bss)

.rel.plt
 *(.rel.plt)

.rela.plt
 *(.rela.plt)

.text           0x0000000000000000      0xafe
 *(.vectors)
 .vectors       0x0000000000000000       0x68 /opt/local/lib/gcc/avr/4.9.1/../../../../avr/lib/avr5/crtm328p.o
                0x0000000000000000                __vectors
                0x0000000000000000                __vector_default
 *(.vectors)
 *(.progmem.gcc*)
                0x0000000000000068                . = ALIGN (0x2)
                0x0000000000000068                __trampolines_start = .
 *(.trampolines)
 .trampolines   0x0000000000000068        0x0 linker stubs
 *(.trampolines*)
                0x0000000000000068                __trampolines_end = .
 *(.progmem*)
 .progmem.data.digital_pin_to_timer_PGM
                0x0000000000000068       0x14 /Users/ethanKeller/Dropbox/Code/GreenBox/Arduino/arduinolib/libAtMega328PCore.a(wiring_digital.c.o)
                0x0000000000000068                digital_pin_to_timer_PGM
 .progmem.data.digital_pin_to_bit_mask_PGM
                0x000000000000007c       0x14 /Users/ethanKeller/Dropbox/Code/GreenBox/Arduino/arduinolib/libAtMega328PCore.a(wiring_digital.c.o)
                0x000000000000007c                digital_pin_to_bit_mask_PGM
 .progmem.data.digital_pin_to_port_PGM
                0x0000000000000090       0x14 /Users/ethanKeller/Dropbox/Code/GreenBox/Arduino/arduinolib/libAtMega328PCore.a(wiring_digital.c.o)
                0x0000000000000090                digital_pin_to_port_PGM
 .progmem.data.port_to_output_PGM
                0x00000000000000a4        0xa /Users/ethanKeller/Dropbox/Code/GreenBox/Arduino/arduinolib/libAtMega328PCore.a(wiring_digital.c.o)
                0x00000000000000a4                port_to_output_PGM
 .progmem.data.port_to_mode_PGM
                0x00000000000000ae        0xa /Users/ethanKeller/Dropbox/Code/GreenBox/Arduino/arduinolib/libAtMega328PCore.a(wiring_digital.c.o)
                0x00000000000000ae                port_to_mode_PGM
                0x00000000000000b8                . = ALIGN (0x2)
 *(.jumptables)
 *(.jumptables*)
 *(.lowtext)
 *(.lowtext*)
                0x00000000000000b8                __ctors_start = .
 *(.ctors)
 .ctors         0x00000000000000b8        0x2 /Users/ethanKeller/Dropbox/Code/GreenBox/Arduino/arduinolib/libAtMega328PCore.a(HardwareSerial0.cpp.o)
                0x00000000000000ba                __ctors_end = .
                0x00000000000000ba                __dtors_start = .
 *(.dtors)
                0x00000000000000ba                __dtors_end = .
 SORT(*)(.ctors)
 SORT(*)(.dtors)
 *(.init0)
 .init0         0x00000000000000ba        0x0 /opt/local/lib/gcc/avr/4.9.1/../../../../avr/lib/avr5/crtm328p.o
                0x00000000000000ba                __init
 *(.init0)
 *(.init1)
 *(.init1)
 *(.init2)
 .init2         0x00000000000000ba        0xc /opt/local/lib/gcc/avr/4.9.1/../../../../avr/lib/avr5/crtm328p.o
 *(.init2)
 *(.init3)
 *(.init3)
 *(.init4)
 .init4         0x00000000000000c6       0x16 /opt/local/lib/gcc/avr/4.9.1/avr5/libgcc.a(_copy_data.o)
                0x00000000000000c6                __do_copy_data
 .init4         0x00000000000000dc       0x10 /opt/local/lib/gcc/avr/4.9.1/avr5/libgcc.a(_clear_bss.o)
                0x00000000000000dc                __do_clear_bss
 *(.init4)
 *(.init5)
 *(.init5)
 *(.init6)
 .init6         0x00000000000000ec       0x14 /opt/local/lib/gcc/avr/4.9.1/avr5/libgcc.a(_ctors.o)
                0x00000000000000ec                __do_global_ctors
 *(.init6)
 *(.init7)
 *(.init7)
 *(.init8)
 *(.init8)
 *(.init9)
 .init9         0x0000000000000100        0x4 /opt/local/lib/gcc/avr/4.9.1/../../../../avr/lib/avr5/crtm328p.o
 *(.init9)
 *(.text)
 .text          0x0000000000000104        0x2 /opt/local/lib/gcc/avr/4.9.1/../../../../avr/lib/avr5/crtm328p.o
                0x0000000000000104                __vector_20
                0x0000000000000104                __vector_1
                0x0000000000000104                __vector_24
                0x0000000000000104                __vector_12
                0x0000000000000104                __bad_interrupt
                0x0000000000000104                __vector_6
                0x0000000000000104                __vector_3
                0x0000000000000104                __vector_23
                0x0000000000000104                __vector_25
                0x0000000000000104                __vector_11
                0x0000000000000104                __vector_13
                0x0000000000000104                __vector_17
                0x0000000000000104                __vector_7
                0x0000000000000104                __vector_5
                0x0000000000000104                __vector_4
                0x0000000000000104                __vector_9
                0x0000000000000104                __vector_2
                0x0000000000000104                __vector_21
                0x0000000000000104                __vector_15
                0x0000000000000104                __vector_8
                0x0000000000000104                __vector_14
                0x0000000000000104                __vector_10
                0x0000000000000104                __vector_22
                0x0000000000000106                . = ALIGN (0x2)
 *(.text.*)
 .text.setup    0x0000000000000106       0x18 ./src/photoresistorleddriver.o
                0x0000000000000106                setup
 .text.loop     0x000000000000011e       0x88 ./src/photoresistorleddriver.o
                0x000000000000011e                loop
 .text.__vector_16
                0x00000000000001a6       0x94 /Users/ethanKeller/Dropbox/Code/GreenBox/Arduino/arduinolib/libAtMega328PCore.a(wiring.c.o)
                0x00000000000001a6                __vector_16
 .text.micros   0x000000000000023a       0x46 /Users/ethanKeller/Dropbox/Code/GreenBox/Arduino/arduinolib/libAtMega328PCore.a(wiring.c.o)
                0x000000000000023a                micros
 .text.delay    0x0000000000000280       0x4a /Users/ethanKeller/Dropbox/Code/GreenBox/Arduino/arduinolib/libAtMega328PCore.a(wiring.c.o)
                0x0000000000000280                delay
 .text.init     0x00000000000002ca       0x76 /Users/ethanKeller/Dropbox/Code/GreenBox/Arduino/arduinolib/libAtMega328PCore.a(wiring.c.o)
                0x00000000000002ca                init
 .text.analogRead
                0x0000000000000340       0x3a /Users/ethanKeller/Dropbox/Code/GreenBox/Arduino/arduinolib/libAtMega328PCore.a(wiring_analog.c.o)
                0x0000000000000340                analogRead
 .text.turnOffPWM
                0x000000000000037a       0x52 /Users/ethanKeller/Dropbox/Code/GreenBox/Arduino/arduinolib/libAtMega328PCore.a(wiring_digital.c.o)
 .text.pinMode  0x00000000000003cc       0x72 /Users/ethanKeller/Dropbox/Code/GreenBox/Arduino/arduinolib/libAtMega328PCore.a(wiring_digital.c.o)
                0x00000000000003cc                pinMode
 .text.digitalWrite
                0x000000000000043e       0x6a /Users/ethanKeller/Dropbox/Code/GreenBox/Arduino/arduinolib/libAtMega328PCore.a(wiring_digital.c.o)
                0x000000000000043e                digitalWrite
 .text._ZN14HardwareSerial9availableEv
                0x00000000000004a8       0x16 /Users/ethanKeller/Dropbox/Code/GreenBox/Arduino/arduinolib/libAtMega328PCore.a(HardwareSerial.cpp.o)
                0x00000000000004a8                _ZN14HardwareSerial9availableEv
 .text._ZN14HardwareSerial4peekEv
                0x00000000000004be       0x1c /Users/ethanKeller/Dropbox/Code/GreenBox/Arduino/arduinolib/libAtMega328PCore.a(HardwareSerial.cpp.o)
                0x00000000000004be                _ZN14HardwareSerial4peekEv
 .text._ZN14HardwareSerial4readEv
                0x00000000000004da       0x28 /Users/ethanKeller/Dropbox/Code/GreenBox/Arduino/arduinolib/libAtMega328PCore.a(HardwareSerial.cpp.o)
                0x00000000000004da                _ZN14HardwareSerial4readEv
 .text._Z14serialEventRunv
                0x0000000000000502       0x1a /Users/ethanKeller/Dropbox/Code/GreenBox/Arduino/arduinolib/libAtMega328PCore.a(HardwareSerial.cpp.o)
                0x0000000000000502                _Z14serialEventRunv
 .text._ZN14HardwareSerial17_tx_udr_empty_irqEv
                0x000000000000051c       0x42 /Users/ethanKeller/Dropbox/Code/GreenBox/Arduino/arduinolib/libAtMega328PCore.a(HardwareSerial.cpp.o)
                0x000000000000051c                _ZN14HardwareSerial17_tx_udr_empty_irqEv
 .text._ZN14HardwareSerial5flushEv
                0x000000000000055e       0x42 /Users/ethanKeller/Dropbox/Code/GreenBox/Arduino/arduinolib/libAtMega328PCore.a(HardwareSerial.cpp.o)
                0x000000000000055e                _ZN14HardwareSerial5flushEv
 .text._ZN14HardwareSerial5writeEh
                0x00000000000005a0       0xc8 /Users/ethanKeller/Dropbox/Code/GreenBox/Arduino/arduinolib/libAtMega328PCore.a(HardwareSerial.cpp.o)
                0x00000000000005a0                _ZN14HardwareSerial5writeEh
 .text._ZN14HardwareSerial5beginEmh
                0x0000000000000668       0xc0 /Users/ethanKeller/Dropbox/Code/GreenBox/Arduino/arduinolib/libAtMega328PCore.a(HardwareSerial.cpp.o)
                0x0000000000000668                _ZN14HardwareSerial5beginEmh
 .text.__vector_18
                0x0000000000000728       0x64 /Users/ethanKeller/Dropbox/Code/GreenBox/Arduino/arduinolib/libAtMega328PCore.a(HardwareSerial0.cpp.o)
                0x0000000000000728                __vector_18
 .text.__vector_19
                0x000000000000078c       0x4a /Users/ethanKeller/Dropbox/Code/GreenBox/Arduino/arduinolib/libAtMega328PCore.a(HardwareSerial0.cpp.o)
                0x000000000000078c                __vector_19
 .text._Z17Serial0_availablev
                0x00000000000007d6       0x12 /Users/ethanKeller/Dropbox/Code/GreenBox/Arduino/arduinolib/libAtMega328PCore.a(HardwareSerial0.cpp.o)
                0x00000000000007d6                _Z17Serial0_availablev
 .text.startup._GLOBAL__sub_I___vector_18
                0x00000000000007e8       0x86 /Users/ethanKeller/Dropbox/Code/GreenBox/Arduino/arduinolib/libAtMega328PCore.a(HardwareSerial0.cpp.o)
 .text.initVariant
                0x000000000000086e        0x2 /Users/ethanKeller/Dropbox/Code/GreenBox/Arduino/arduinolib/libAtMega328PCore.a(main.cpp.o)
                0x000000000000086e                initVariant
 .text.startup.main
                0x0000000000000870       0x14 /Users/ethanKeller/Dropbox/Code/GreenBox/Arduino/arduinolib/libAtMega328PCore.a(main.cpp.o)
                0x0000000000000870                main
 .text._ZN5Print5writeEPKhj
                0x0000000000000884       0x50 /Users/ethanKeller/Dropbox/Code/GreenBox/Arduino/arduinolib/libAtMega328PCore.a(Print.cpp.o)
                0x0000000000000884                _ZN5Print5writeEPKhj
 .text._ZN5Print5writeEPKc
                0x00000000000008d4       0x2c /Users/ethanKeller/Dropbox/Code/GreenBox/Arduino/arduinolib/libAtMega328PCore.a(Print.cpp.o)
                0x00000000000008d4                _ZN5Print5writeEPKc
 .text._ZN5Print5printEPKc
                0x0000000000000900        0x2 /Users/ethanKeller/Dropbox/Code/GreenBox/Arduino/arduinolib/libAtMega328PCore.a(Print.cpp.o)
                0x0000000000000900                _ZN5Print5printEPKc
 .text._ZN5Print5printEc
                0x0000000000000902        0xe /Users/ethanKeller/Dropbox/Code/GreenBox/Arduino/arduinolib/libAtMega328PCore.a(Print.cpp.o)
                0x0000000000000902                _ZN5Print5printEc
 .text._ZN5Print11printNumberEmh
                0x0000000000000910       0xae /Users/ethanKeller/Dropbox/Code/GreenBox/Arduino/arduinolib/libAtMega328PCore.a(Print.cpp.o)
                0x0000000000000910                _ZN5Print11printNumberEmh
 .text._ZN5Print5printEli
                0x00000000000009be       0x8e /Users/ethanKeller/Dropbox/Code/GreenBox/Arduino/arduinolib/libAtMega328PCore.a(Print.cpp.o)
                0x00000000000009be                _ZN5Print5printEli
 .text._ZN5Print5printEii
                0x0000000000000a4c        0xe /Users/ethanKeller/Dropbox/Code/GreenBox/Arduino/arduinolib/libAtMega328PCore.a(Print.cpp.o)
                0x0000000000000a4c                _ZN5Print5printEii
 .text.__empty  0x0000000000000a5a        0x2 /Users/ethanKeller/Dropbox/Code/GreenBox/Arduino/arduinolib/libAtMega328PCore.a(hooks.c.o)
                0x0000000000000a5a                yield
 .text.libgcc.div
                0x0000000000000a5c       0x26 /opt/local/lib/gcc/avr/4.9.1/avr5/libgcc.a(_divmodhi4.o)
                0x0000000000000a5c                __divmodhi4
                0x0000000000000a5c                _div
 .text.libgcc.div
                0x0000000000000a82       0x44 /opt/local/lib/gcc/avr/4.9.1/avr5/libgcc.a(_udivmodsi4.o)
                0x0000000000000a82                __udivmodsi4
 .text.libgcc.div
                0x0000000000000ac6       0x28 /opt/local/lib/gcc/avr/4.9.1/avr5/libgcc.a(_udivmodhi4.o)
                0x0000000000000ac6                __udivmodhi4
 .text.libgcc   0x0000000000000aee        0xc /opt/local/lib/gcc/avr/4.9.1/avr5/libgcc.a(_tablejump.o)
                0x0000000000000aee                __tablejump2__
                0x0000000000000af2                __tablejump__
                0x0000000000000afa                . = ALIGN (0x2)
 *(.fini9)
 .fini9         0x0000000000000afa        0x0 /opt/local/lib/gcc/avr/4.9.1/avr5/libgcc.a(_exit.o)
                0x0000000000000afa                exit
                0x0000000000000afa                _exit
 *(.fini9)
 *(.fini8)
 *(.fini8)
 *(.fini7)
 *(.fini7)
 *(.fini6)
 *(.fini6)
 *(.fini5)
 *(.fini5)
 *(.fini4)
 *(.fini4)
 *(.fini3)
 *(.fini3)
 *(.fini2)
 *(.fini2)
 *(.fini1)
 *(.fini1)
 *(.fini0)
 .fini0         0x0000000000000afa        0x4 /opt/local/lib/gcc/avr/4.9.1/avr5/libgcc.a(_exit.o)
 *(.fini0)
                0x0000000000000afe                _etext = .

.data           0x0000000000800100       0x28 load address 0x0000000000000afe
                0x0000000000800100                PROVIDE (__data_start, .)
 *(.data)
 .data          0x0000000000800100        0x0 /opt/local/lib/gcc/avr/4.9.1/../../../../avr/lib/avr5/crtm328p.o
 .data          0x0000000000800100        0x0 ./src/photoresistorleddriver.o
 .data          0x0000000000800100        0x0 /Users/ethanKeller/Dropbox/Code/GreenBox/Arduino/arduinolib/libAtMega328PCore.a(wiring.c.o)
 .data          0x0000000000800100        0x0 /Users/ethanKeller/Dropbox/Code/GreenBox/Arduino/arduinolib/libAtMega328PCore.a(wiring_analog.c.o)
 .data          0x0000000000800100        0x0 /Users/ethanKeller/Dropbox/Code/GreenBox/Arduino/arduinolib/libAtMega328PCore.a(wiring_digital.c.o)
 .data          0x0000000000800100        0x0 /Users/ethanKeller/Dropbox/Code/GreenBox/Arduino/arduinolib/libAtMega328PCore.a(HardwareSerial.cpp.o)
 .data          0x0000000000800100        0x0 /Users/ethanKeller/Dropbox/Code/GreenBox/Arduino/arduinolib/libAtMega328PCore.a(HardwareSerial0.cpp.o)
 .data          0x0000000000800100        0x0 /Users/ethanKeller/Dropbox/Code/GreenBox/Arduino/arduinolib/libAtMega328PCore.a(main.cpp.o)
 .data          0x0000000000800100        0x0 /Users/ethanKeller/Dropbox/Code/GreenBox/Arduino/arduinolib/libAtMega328PCore.a(Print.cpp.o)
 .data          0x0000000000800100        0x0 /Users/ethanKeller/Dropbox/Code/GreenBox/Arduino/arduinolib/libAtMega328PCore.a(hooks.c.o)
 .data          0x0000000000800100        0x0 /Users/ethanKeller/Dropbox/Code/GreenBox/Arduino/arduinolib/libAtMega328PCore.a(abi.cpp.o)
 .data          0x0000000000800100        0x0 /opt/local/lib/gcc/avr/4.9.1/avr5/libgcc.a(_divmodhi4.o)
 .data          0x0000000000800100        0x0 /opt/local/lib/gcc/avr/4.9.1/avr5/libgcc.a(_udivmodsi4.o)
 .data          0x0000000000800100        0x0 /opt/local/lib/gcc/avr/4.9.1/avr5/libgcc.a(_exit.o)
 .data          0x0000000000800100        0x0 /opt/local/lib/gcc/avr/4.9.1/avr5/libgcc.a(_copy_data.o)
 .data          0x0000000000800100        0x0 /opt/local/lib/gcc/avr/4.9.1/avr5/libgcc.a(_clear_bss.o)
 .data          0x0000000000800100        0x0 /opt/local/lib/gcc/avr/4.9.1/avr5/libgcc.a(_ctors.o)
 .data          0x0000000000800100        0x0 /opt/local/lib/gcc/avr/4.9.1/avr5/libgcc.a(_udivmodhi4.o)
 .data          0x0000000000800100        0x0 /opt/local/lib/gcc/avr/4.9.1/avr5/libgcc.a(_tablejump.o)
 .data          0x0000000000800100        0x0 /opt/local/lib/gcc/avr/4.9.1/../../../../avr/lib/avr5/libm.a(addsf3.o)
 .data          0x0000000000800100        0x0 /opt/local/lib/gcc/avr/4.9.1/../../../../avr/lib/avr5/libm.a(addsf3x.o)
 .data          0x0000000000800100        0x0 /opt/local/lib/gcc/avr/4.9.1/../../../../avr/lib/avr5/libm.a(cmpsf2.o)
 .data          0x0000000000800100        0x0 /opt/local/lib/gcc/avr/4.9.1/../../../../avr/lib/avr5/libm.a(divsf3.o)
 .data          0x0000000000800100        0x0 /opt/local/lib/gcc/avr/4.9.1/../../../../avr/lib/avr5/libm.a(divsf3x.o)
 .data          0x0000000000800100        0x0 /opt/local/lib/gcc/avr/4.9.1/../../../../avr/lib/avr5/libm.a(fixsfsi.o)
 .data          0x0000000000800100        0x0 /opt/local/lib/gcc/avr/4.9.1/../../../../avr/lib/avr5/libm.a(fixunssfsi.o)
 .data          0x0000000000800100        0x0 /opt/local/lib/gcc/avr/4.9.1/../../../../avr/lib/avr5/libm.a(floatsisf.o)
 .data          0x0000000000800100        0x0 /opt/local/lib/gcc/avr/4.9.1/../../../../avr/lib/avr5/libm.a(fp_cmp.o)
 .data          0x0000000000800100        0x0 /opt/local/lib/gcc/avr/4.9.1/../../../../avr/lib/avr5/libm.a(fp_inf.o)
 .data          0x0000000000800100        0x0 /opt/local/lib/gcc/avr/4.9.1/../../../../avr/lib/avr5/libm.a(fp_nan.o)
 .data          0x0000000000800100        0x0 /opt/local/lib/gcc/avr/4.9.1/../../../../avr/lib/avr5/libm.a(fp_pscA.o)
 .data          0x0000000000800100        0x0 /opt/local/lib/gcc/avr/4.9.1/../../../../avr/lib/avr5/libm.a(fp_pscB.o)
 .data          0x0000000000800100        0x0 /opt/local/lib/gcc/avr/4.9.1/../../../../avr/lib/avr5/libm.a(fp_round.o)
 .data          0x0000000000800100        0x0 /opt/local/lib/gcc/avr/4.9.1/../../../../avr/lib/avr5/libm.a(fp_split3.o)
 .data          0x0000000000800100        0x0 /opt/local/lib/gcc/avr/4.9.1/../../../../avr/lib/avr5/libm.a(fp_zero.o)
 .data          0x0000000000800100        0x0 /opt/local/lib/gcc/avr/4.9.1/../../../../avr/lib/avr5/libm.a(gesf2.o)
 .data          0x0000000000800100        0x0 /opt/local/lib/gcc/avr/4.9.1/../../../../avr/lib/avr5/libm.a(mulsf3.o)
 .data          0x0000000000800100        0x0 /opt/local/lib/gcc/avr/4.9.1/../../../../avr/lib/avr5/libm.a(mulsf3x.o)
 .data          0x0000000000800100        0x0 /opt/local/lib/gcc/avr/4.9.1/../../../../avr/lib/avr5/libm.a(unordsf2.o)
 .data          0x0000000000800100        0x0 /opt/local/lib/gcc/avr/4.9.1/../../../../avr/lib/avr5/libc.a(abort.o)
 *(.data*)
 .data.ledPin   0x0000000000800100        0x2 ./src/photoresistorleddriver.o
                0x0000000000800100                ledPin
 .data.analog_reference
                0x0000000000800102        0x1 /Users/ethanKeller/Dropbox/Code/GreenBox/Arduino/arduinolib/libAtMega328PCore.a(wiring_analog.c.o)
                0x0000000000800102                analog_reference
 *(.rodata)
 *(.rodata*)
 .rodata.str1.1
                0x0000000000800103       0x14 ./src/photoresistorleddriver.o
 .rodata._ZTV14HardwareSerial
                0x0000000000800117       0x10 /Users/ethanKeller/Dropbox/Code/GreenBox/Arduino/arduinolib/libAtMega328PCore.a(HardwareSerial.cpp.o)
                0x0000000000800117                _ZTV14HardwareSerial
 *(.gnu.linkonce.d*)
                0x0000000000800128                . = ALIGN (0x2)
 *fill*         0x0000000000800127        0x1 
                0x0000000000800128                _edata = .
                0x0000000000800128                PROVIDE (__data_end, .)

.bss            0x0000000000800128       0xaa
                0x0000000000800128                PROVIDE (__bss_start, .)
 *(.bss)
 *(.bss*)
 .bss.sensorValue
                0x0000000000800128        0x2 ./src/photoresistorleddriver.o
                0x0000000000800128                sensorValue
 .bss.analogPin
                0x000000000080012a        0x2 ./src/photoresistorleddriver.o
                0x000000000080012a                analogPin
 .bss.timer0_fract
                0x000000000080012c        0x1 /Users/ethanKeller/Dropbox/Code/GreenBox/Arduino/arduinolib/libAtMega328PCore.a(wiring.c.o)
 .bss.timer0_millis
                0x000000000080012d        0x4 /Users/ethanKeller/Dropbox/Code/GreenBox/Arduino/arduinolib/libAtMega328PCore.a(wiring.c.o)
                0x000000000080012d                timer0_millis
 .bss.timer0_overflow_count
                0x0000000000800131        0x4 /Users/ethanKeller/Dropbox/Code/GreenBox/Arduino/arduinolib/libAtMega328PCore.a(wiring.c.o)
                0x0000000000800131                timer0_overflow_count
 .bss.Serial    0x0000000000800135       0x9d /Users/ethanKeller/Dropbox/Code/GreenBox/Arduino/arduinolib/libAtMega328PCore.a(HardwareSerial0.cpp.o)
                0x0000000000800135                Serial
 *(COMMON)
                0x00000000008001d2                PROVIDE (__bss_end, .)
                0x0000000000000afe                __data_load_start = LOADADDR (.data)
                0x0000000000000b26                __data_load_end = (__data_load_start + SIZEOF (.data))

.noinit         0x00000000008001d2        0x0
                0x00000000008001d2                PROVIDE (__noinit_start, .)
 *(.noinit*)
                0x00000000008001d2                PROVIDE (__noinit_end, .)
                0x00000000008001d2                _end = .
                0x00000000008001d2                PROVIDE (__heap_start, .)

.eeprom         0x0000000000810000        0x0
 *(.eeprom*)
                0x0000000000810000                __eeprom_end = .

.fuse
 *(.fuse)
 *(.lfuse)
 *(.hfuse)
 *(.efuse)

.lock
 *(.lock*)

.signature
 *(.signature*)

.stab           0x0000000000000000      0xffc
 *(.stab)
 .stab          0x0000000000000000      0x7a4 ./src/photoresistorleddriver.o
 .stab          0x00000000000007a4      0x138 /opt/local/lib/gcc/avr/4.9.1/avr5/libgcc.a(_divmodhi4.o)
                                        0x144 (size before relaxing)
 .stab          0x00000000000008dc      0x228 /opt/local/lib/gcc/avr/4.9.1/avr5/libgcc.a(_udivmodsi4.o)
                                        0x234 (size before relaxing)
 .stab          0x0000000000000b04       0x6c /opt/local/lib/gcc/avr/4.9.1/avr5/libgcc.a(_exit.o)
                                         0x78 (size before relaxing)
 .stab          0x0000000000000b70       0xd8 /opt/local/lib/gcc/avr/4.9.1/avr5/libgcc.a(_copy_data.o)
                                         0xe4 (size before relaxing)
 .stab          0x0000000000000c48       0xb4 /opt/local/lib/gcc/avr/4.9.1/avr5/libgcc.a(_clear_bss.o)
                                         0xc0 (size before relaxing)
 .stab          0x0000000000000cfc       0xd8 /opt/local/lib/gcc/avr/4.9.1/avr5/libgcc.a(_ctors.o)
                                         0xe4 (size before relaxing)
 .stab          0x0000000000000dd4      0x15c /opt/local/lib/gcc/avr/4.9.1/avr5/libgcc.a(_udivmodhi4.o)
                                        0x168 (size before relaxing)
 .stab          0x0000000000000f30       0xcc /opt/local/lib/gcc/avr/4.9.1/avr5/libgcc.a(_tablejump.o)
                                         0xd8 (size before relaxing)

.stabstr        0x0000000000000000     0x1338
 *(.stabstr)
 .stabstr       0x0000000000000000     0x1338 ./src/photoresistorleddriver.o

.stab.excl
 *(.stab.excl)

.stab.exclstr
 *(.stab.exclstr)

.stab.index
 *(.stab.index)

.stab.indexstr
 *(.stab.indexstr)

.comment        0x0000000000000000       0x22
 *(.comment)
 .comment       0x0000000000000000       0x11 ./src/photoresistorleddriver.o
                                         0x12 (size before relaxing)
 .comment       0x0000000000000011       0x11 /Users/ethanKeller/Dropbox/Code/GreenBox/Arduino/arduinolib/libAtMega328PCore.a(wiring.c.o)
                                         0x12 (size before relaxing)
 .comment       0x0000000000000000       0x12 /Users/ethanKeller/Dropbox/Code/GreenBox/Arduino/arduinolib/libAtMega328PCore.a(wiring_analog.c.o)
 .comment       0x0000000000000000       0x12 /Users/ethanKeller/Dropbox/Code/GreenBox/Arduino/arduinolib/libAtMega328PCore.a(wiring_digital.c.o)
 .comment       0x0000000000000000       0x12 /Users/ethanKeller/Dropbox/Code/GreenBox/Arduino/arduinolib/libAtMega328PCore.a(HardwareSerial.cpp.o)
 .comment       0x0000000000000000       0x12 /Users/ethanKeller/Dropbox/Code/GreenBox/Arduino/arduinolib/libAtMega328PCore.a(HardwareSerial0.cpp.o)
 .comment       0x0000000000000000       0x12 /Users/ethanKeller/Dropbox/Code/GreenBox/Arduino/arduinolib/libAtMega328PCore.a(main.cpp.o)
 .comment       0x0000000000000000       0x12 /Users/ethanKeller/Dropbox/Code/GreenBox/Arduino/arduinolib/libAtMega328PCore.a(Print.cpp.o)
 .comment       0x0000000000000000       0x12 /Users/ethanKeller/Dropbox/Code/GreenBox/Arduino/arduinolib/libAtMega328PCore.a(hooks.c.o)
 .comment       0x0000000000000000       0x12 /Users/ethanKeller/Dropbox/Code/GreenBox/Arduino/arduinolib/libAtMega328PCore.a(abi.cpp.o)

.note.gnu.build-id
 *(.note.gnu.build-id)

.debug
 *(.debug)

.line
 *(.line)

.debug_srcinfo
 *(.debug_srcinfo)

.debug_sfnames
 *(.debug_sfnames)

.debug_aranges  0x0000000000000000      0x2b8
 *(.debug_aranges)
 .debug_aranges
                0x0000000000000000       0x48 /Users/ethanKeller/Dropbox/Code/GreenBox/Arduino/arduinolib/libAtMega328PCore.a(wiring.c.o)
 .debug_aranges
                0x0000000000000048       0x30 /Users/ethanKeller/Dropbox/Code/GreenBox/Arduino/arduinolib/libAtMega328PCore.a(wiring_analog.c.o)
 .debug_aranges
                0x0000000000000078       0x38 /Users/ethanKeller/Dropbox/Code/GreenBox/Arduino/arduinolib/libAtMega328PCore.a(wiring_digital.c.o)
 .debug_aranges
                0x00000000000000b0       0x68 /Users/ethanKeller/Dropbox/Code/GreenBox/Arduino/arduinolib/libAtMega328PCore.a(HardwareSerial.cpp.o)
 .debug_aranges
                0x0000000000000118       0x38 /Users/ethanKeller/Dropbox/Code/GreenBox/Arduino/arduinolib/libAtMega328PCore.a(HardwareSerial0.cpp.o)
 .debug_aranges
                0x0000000000000150       0x30 /Users/ethanKeller/Dropbox/Code/GreenBox/Arduino/arduinolib/libAtMega328PCore.a(main.cpp.o)
 .debug_aranges
                0x0000000000000180       0xf0 /Users/ethanKeller/Dropbox/Code/GreenBox/Arduino/arduinolib/libAtMega328PCore.a(Print.cpp.o)
 .debug_aranges
                0x0000000000000270       0x20 /Users/ethanKeller/Dropbox/Code/GreenBox/Arduino/arduinolib/libAtMega328PCore.a(hooks.c.o)
 .debug_aranges
                0x0000000000000290       0x28 /Users/ethanKeller/Dropbox/Code/GreenBox/Arduino/arduinolib/libAtMega328PCore.a(abi.cpp.o)

.debug_pubnames
 *(.debug_pubnames)

.debug_info     0x0000000000000000     0x6c35
 *(.debug_info .gnu.linkonce.wi.*)
 .debug_info    0x0000000000000000      0x5f4 /opt/local/lib/gcc/avr/4.9.1/../../../../avr/lib/avr5/crtm328p.o
 .debug_info    0x00000000000005f4      0x2c2 /Users/ethanKeller/Dropbox/Code/GreenBox/Arduino/arduinolib/libAtMega328PCore.a(wiring.c.o)
 .debug_info    0x00000000000008b6      0x281 /Users/ethanKeller/Dropbox/Code/GreenBox/Arduino/arduinolib/libAtMega328PCore.a(wiring_analog.c.o)
 .debug_info    0x0000000000000b37      0x5f1 /Users/ethanKeller/Dropbox/Code/GreenBox/Arduino/arduinolib/libAtMega328PCore.a(wiring_digital.c.o)
 .debug_info    0x0000000000001128     0x1aee /Users/ethanKeller/Dropbox/Code/GreenBox/Arduino/arduinolib/libAtMega328PCore.a(HardwareSerial.cpp.o)
 .debug_info    0x0000000000002c16     0x1707 /Users/ethanKeller/Dropbox/Code/GreenBox/Arduino/arduinolib/libAtMega328PCore.a(HardwareSerial0.cpp.o)
 .debug_info    0x000000000000431d      0x1ed /Users/ethanKeller/Dropbox/Code/GreenBox/Arduino/arduinolib/libAtMega328PCore.a(main.cpp.o)
 .debug_info    0x000000000000450a     0x2667 /Users/ethanKeller/Dropbox/Code/GreenBox/Arduino/arduinolib/libAtMega328PCore.a(Print.cpp.o)
 .debug_info    0x0000000000006b71       0x3a /Users/ethanKeller/Dropbox/Code/GreenBox/Arduino/arduinolib/libAtMega328PCore.a(hooks.c.o)
 .debug_info    0x0000000000006bab       0x8a /Users/ethanKeller/Dropbox/Code/GreenBox/Arduino/arduinolib/libAtMega328PCore.a(abi.cpp.o)

.debug_abbrev   0x0000000000000000     0x169d
 *(.debug_abbrev)
 .debug_abbrev  0x0000000000000000      0x5a2 /opt/local/lib/gcc/avr/4.9.1/../../../../avr/lib/avr5/crtm328p.o
 .debug_abbrev  0x00000000000005a2      0x143 /Users/ethanKeller/Dropbox/Code/GreenBox/Arduino/arduinolib/libAtMega328PCore.a(wiring.c.o)
 .debug_abbrev  0x00000000000006e5      0x184 /Users/ethanKeller/Dropbox/Code/GreenBox/Arduino/arduinolib/libAtMega328PCore.a(wiring_analog.c.o)
 .debug_abbrev  0x0000000000000869      0x162 /Users/ethanKeller/Dropbox/Code/GreenBox/Arduino/arduinolib/libAtMega328PCore.a(wiring_digital.c.o)
 .debug_abbrev  0x00000000000009cb      0x3fb /Users/ethanKeller/Dropbox/Code/GreenBox/Arduino/arduinolib/libAtMega328PCore.a(HardwareSerial.cpp.o)
 .debug_abbrev  0x0000000000000dc6      0x35d /Users/ethanKeller/Dropbox/Code/GreenBox/Arduino/arduinolib/libAtMega328PCore.a(HardwareSerial0.cpp.o)
 .debug_abbrev  0x0000000000001123       0xd1 /Users/ethanKeller/Dropbox/Code/GreenBox/Arduino/arduinolib/libAtMega328PCore.a(main.cpp.o)
 .debug_abbrev  0x00000000000011f4      0x425 /Users/ethanKeller/Dropbox/Code/GreenBox/Arduino/arduinolib/libAtMega328PCore.a(Print.cpp.o)
 .debug_abbrev  0x0000000000001619       0x28 /Users/ethanKeller/Dropbox/Code/GreenBox/Arduino/arduinolib/libAtMega328PCore.a(hooks.c.o)
 .debug_abbrev  0x0000000000001641       0x5c /Users/ethanKeller/Dropbox/Code/GreenBox/Arduino/arduinolib/libAtMega328PCore.a(abi.cpp.o)

.debug_line     0x0000000000000000     0x1221
 *(.debug_line .debug_line.* .debug_line_end)
 .debug_line    0x0000000000000000       0x1d /opt/local/lib/gcc/avr/4.9.1/../../../../avr/lib/avr5/crtm328p.o
 .debug_line    0x000000000000001d      0x1eb /Users/ethanKeller/Dropbox/Code/GreenBox/Arduino/arduinolib/libAtMega328PCore.a(wiring.c.o)
 .debug_line    0x0000000000000208      0x1b4 /Users/ethanKeller/Dropbox/Code/GreenBox/Arduino/arduinolib/libAtMega328PCore.a(wiring_analog.c.o)
 .debug_line    0x00000000000003bc      0x1b1 /Users/ethanKeller/Dropbox/Code/GreenBox/Arduino/arduinolib/libAtMega328PCore.a(wiring_digital.c.o)
 .debug_line    0x000000000000056d      0x308 /Users/ethanKeller/Dropbox/Code/GreenBox/Arduino/arduinolib/libAtMega328PCore.a(HardwareSerial.cpp.o)
 .debug_line    0x0000000000000875      0x258 /Users/ethanKeller/Dropbox/Code/GreenBox/Arduino/arduinolib/libAtMega328PCore.a(HardwareSerial0.cpp.o)
 .debug_line    0x0000000000000acd      0x183 /Users/ethanKeller/Dropbox/Code/GreenBox/Arduino/arduinolib/libAtMega328PCore.a(main.cpp.o)
 .debug_line    0x0000000000000c50      0x469 /Users/ethanKeller/Dropbox/Code/GreenBox/Arduino/arduinolib/libAtMega328PCore.a(Print.cpp.o)
 .debug_line    0x00000000000010b9       0x82 /Users/ethanKeller/Dropbox/Code/GreenBox/Arduino/arduinolib/libAtMega328PCore.a(hooks.c.o)
 .debug_line    0x000000000000113b       0xe6 /Users/ethanKeller/Dropbox/Code/GreenBox/Arduino/arduinolib/libAtMega328PCore.a(abi.cpp.o)

.debug_frame    0x0000000000000000      0x7a8
 *(.debug_frame)
 .debug_frame   0x0000000000000000       0xbc /Users/ethanKeller/Dropbox/Code/GreenBox/Arduino/arduinolib/libAtMega328PCore.a(wiring.c.o)
 .debug_frame   0x00000000000000bc       0x54 /Users/ethanKeller/Dropbox/Code/GreenBox/Arduino/arduinolib/libAtMega328PCore.a(wiring_analog.c.o)
 .debug_frame   0x0000000000000110       0x88 /Users/ethanKeller/Dropbox/Code/GreenBox/Arduino/arduinolib/libAtMega328PCore.a(wiring_digital.c.o)
 .debug_frame   0x0000000000000198      0x110 /Users/ethanKeller/Dropbox/Code/GreenBox/Arduino/arduinolib/libAtMega328PCore.a(HardwareSerial.cpp.o)
 .debug_frame   0x00000000000002a8       0xc0 /Users/ethanKeller/Dropbox/Code/GreenBox/Arduino/arduinolib/libAtMega328PCore.a(HardwareSerial0.cpp.o)
 .debug_frame   0x0000000000000368       0x44 /Users/ethanKeller/Dropbox/Code/GreenBox/Arduino/arduinolib/libAtMega328PCore.a(main.cpp.o)
 .debug_frame   0x00000000000003ac      0x3a4 /Users/ethanKeller/Dropbox/Code/GreenBox/Arduino/arduinolib/libAtMega328PCore.a(Print.cpp.o)
 .debug_frame   0x0000000000000750       0x24 /Users/ethanKeller/Dropbox/Code/GreenBox/Arduino/arduinolib/libAtMega328PCore.a(hooks.c.o)
 .debug_frame   0x0000000000000774       0x34 /Users/ethanKeller/Dropbox/Code/GreenBox/Arduino/arduinolib/libAtMega328PCore.a(abi.cpp.o)

.debug_str      0x0000000000000000     0x1bcd
 *(.debug_str)
 .debug_str     0x0000000000000000      0x208 /opt/local/lib/gcc/avr/4.9.1/../../../../avr/lib/avr5/crtm328p.o
 .debug_str     0x0000000000000208      0x165 /Users/ethanKeller/Dropbox/Code/GreenBox/Arduino/arduinolib/libAtMega328PCore.a(wiring.c.o)
                                        0x1a5 (size before relaxing)
 .debug_str     0x000000000000036d       0xdd /Users/ethanKeller/Dropbox/Code/GreenBox/Arduino/arduinolib/libAtMega328PCore.a(wiring_analog.c.o)
                                        0x1b2 (size before relaxing)
 .debug_str     0x000000000000044a       0xf1 /Users/ethanKeller/Dropbox/Code/GreenBox/Arduino/arduinolib/libAtMega328PCore.a(wiring_digital.c.o)
                                        0x213 (size before relaxing)
 .debug_str     0x000000000000053b     0x108c /Users/ethanKeller/Dropbox/Code/GreenBox/Arduino/arduinolib/libAtMega328PCore.a(HardwareSerial.cpp.o)
                                       0x1175 (size before relaxing)
 .debug_str     0x00000000000015c7       0xca /Users/ethanKeller/Dropbox/Code/GreenBox/Arduino/arduinolib/libAtMega328PCore.a(HardwareSerial0.cpp.o)
                                        0xf6f (size before relaxing)
 .debug_str     0x0000000000001691       0x77 /Users/ethanKeller/Dropbox/Code/GreenBox/Arduino/arduinolib/libAtMega328PCore.a(main.cpp.o)
                                        0x1e7 (size before relaxing)
 .debug_str     0x0000000000001708      0x3e8 /Users/ethanKeller/Dropbox/Code/GreenBox/Arduino/arduinolib/libAtMega328PCore.a(Print.cpp.o)
                                        0xe1d (size before relaxing)
 .debug_str     0x0000000000001af0       0x5b /Users/ethanKeller/Dropbox/Code/GreenBox/Arduino/arduinolib/libAtMega328PCore.a(hooks.c.o)
                                         0xa3 (size before relaxing)
 .debug_str     0x0000000000001b4b       0x82 /Users/ethanKeller/Dropbox/Code/GreenBox/Arduino/arduinolib/libAtMega328PCore.a(abi.cpp.o)
                                        0x12a (size before relaxing)

.debug_loc      0x0000000000000000     0x2db3
 *(.debug_loc)
 .debug_loc     0x0000000000000000      0x22b /Users/ethanKeller/Dropbox/Code/GreenBox/Arduino/arduinolib/libAtMega328PCore.a(wiring.c.o)
 .debug_loc     0x000000000000022b      0x127 /Users/ethanKeller/Dropbox/Code/GreenBox/Arduino/arduinolib/libAtMega328PCore.a(wiring_analog.c.o)
 .debug_loc     0x0000000000000352      0x617 /Users/ethanKeller/Dropbox/Code/GreenBox/Arduino/arduinolib/libAtMega328PCore.a(wiring_digital.c.o)
 .debug_loc     0x0000000000000969      0x48d /Users/ethanKeller/Dropbox/Code/GreenBox/Arduino/arduinolib/libAtMega328PCore.a(HardwareSerial.cpp.o)
 .debug_loc     0x0000000000000df6      0x161 /Users/ethanKeller/Dropbox/Code/GreenBox/Arduino/arduinolib/libAtMega328PCore.a(HardwareSerial0.cpp.o)
 .debug_loc     0x0000000000000f57     0x1e5c /Users/ethanKeller/Dropbox/Code/GreenBox/Arduino/arduinolib/libAtMega328PCore.a(Print.cpp.o)

.debug_macinfo
 *(.debug_macinfo)

.debug_weaknames
 *(.debug_weaknames)

.debug_funcnames
 *(.debug_funcnames)

.debug_typenames
 *(.debug_typenames)

.debug_varnames
 *(.debug_varnames)

.debug_pubtypes
 *(.debug_pubtypes)

.debug_ranges   0x0000000000000000      0x2b8
 *(.debug_ranges)
 .debug_ranges  0x0000000000000000       0x38 /Users/ethanKeller/Dropbox/Code/GreenBox/Arduino/arduinolib/libAtMega328PCore.a(wiring.c.o)
 .debug_ranges  0x0000000000000038       0x20 /Users/ethanKeller/Dropbox/Code/GreenBox/Arduino/arduinolib/libAtMega328PCore.a(wiring_analog.c.o)
 .debug_ranges  0x0000000000000058       0x40 /Users/ethanKeller/Dropbox/Code/GreenBox/Arduino/arduinolib/libAtMega328PCore.a(wiring_digital.c.o)
 .debug_ranges  0x0000000000000098       0x70 /Users/ethanKeller/Dropbox/Code/GreenBox/Arduino/arduinolib/libAtMega328PCore.a(HardwareSerial.cpp.o)
 .debug_ranges  0x0000000000000108       0x28 /Users/ethanKeller/Dropbox/Code/GreenBox/Arduino/arduinolib/libAtMega328PCore.a(HardwareSerial0.cpp.o)
 .debug_ranges  0x0000000000000130       0x20 /Users/ethanKeller/Dropbox/Code/GreenBox/Arduino/arduinolib/libAtMega328PCore.a(main.cpp.o)
 .debug_ranges  0x0000000000000150      0x140 /Users/ethanKeller/Dropbox/Code/GreenBox/Arduino/arduinolib/libAtMega328PCore.a(Print.cpp.o)
 .debug_ranges  0x0000000000000290       0x10 /Users/ethanKeller/Dropbox/Code/GreenBox/Arduino/arduinolib/libAtMega328PCore.a(hooks.c.o)
 .debug_ranges  0x00000000000002a0       0x18 /Users/ethanKeller/Dropbox/Code/GreenBox/Arduino/arduinolib/libAtMega328PCore.a(abi.cpp.o)

.debug_macro
 *(.debug_macro)
OUTPUT(Arduino.elf elf32-avr)
LOAD linker stubs

Cross Reference Table

Symbol                                            File
HardwareSerial::_tx_udr_empty_irq()               /Users/ethanKeller/Dropbox/Code/GreenBox/Arduino/arduinolib/libAtMega328PCore.a(HardwareSerial.cpp.o)
                                                  /Users/ethanKeller/Dropbox/Code/GreenBox/Arduino/arduinolib/libAtMega328PCore.a(HardwareSerial0.cpp.o)
HardwareSerial::available()                       /Users/ethanKeller/Dropbox/Code/GreenBox/Arduino/arduinolib/libAtMega328PCore.a(HardwareSerial.cpp.o)
                                                  /Users/ethanKeller/Dropbox/Code/GreenBox/Arduino/arduinolib/libAtMega328PCore.a(HardwareSerial0.cpp.o)
HardwareSerial::availableForWrite()               /Users/ethanKeller/Dropbox/Code/GreenBox/Arduino/arduinolib/libAtMega328PCore.a(HardwareSerial.cpp.o)
HardwareSerial::begin(unsigned long, unsigned char) /Users/ethanKeller/Dropbox/Code/GreenBox/Arduino/arduinolib/libAtMega328PCore.a(HardwareSerial.cpp.o)
                                                  ./src/photoresistorleddriver.o
HardwareSerial::end()                             /Users/ethanKeller/Dropbox/Code/GreenBox/Arduino/arduinolib/libAtMega328PCore.a(HardwareSerial.cpp.o)
HardwareSerial::flush()                           /Users/ethanKeller/Dropbox/Code/GreenBox/Arduino/arduinolib/libAtMega328PCore.a(HardwareSerial.cpp.o)
HardwareSerial::peek()                            /Users/ethanKeller/Dropbox/Code/GreenBox/Arduino/arduinolib/libAtMega328PCore.a(HardwareSerial.cpp.o)
HardwareSerial::read()                            /Users/ethanKeller/Dropbox/Code/GreenBox/Arduino/arduinolib/libAtMega328PCore.a(HardwareSerial.cpp.o)
HardwareSerial::write(unsigned char)              /Users/ethanKeller/Dropbox/Code/GreenBox/Arduino/arduinolib/libAtMega328PCore.a(HardwareSerial.cpp.o)
Print::print(Printable const&)                    /Users/ethanKeller/Dropbox/Code/GreenBox/Arduino/arduinolib/libAtMega328PCore.a(Print.cpp.o)
Print::print(String const&)                       /Users/ethanKeller/Dropbox/Code/GreenBox/Arduino/arduinolib/libAtMega328PCore.a(Print.cpp.o)
Print::print(__FlashStringHelper const*)          /Users/ethanKeller/Dropbox/Code/GreenBox/Arduino/arduinolib/libAtMega328PCore.a(Print.cpp.o)
Print::print(char const*)                         /Users/ethanKeller/Dropbox/Code/GreenBox/Arduino/arduinolib/libAtMega328PCore.a(Print.cpp.o)
                                                  ./src/photoresistorleddriver.o
Print::print(char)                                /Users/ethanKeller/Dropbox/Code/GreenBox/Arduino/arduinolib/libAtMega328PCore.a(Print.cpp.o)
Print::print(double, int)                         /Users/ethanKeller/Dropbox/Code/GreenBox/Arduino/arduinolib/libAtMega328PCore.a(Print.cpp.o)
Print::print(int, int)                            /Users/ethanKeller/Dropbox/Code/GreenBox/Arduino/arduinolib/libAtMega328PCore.a(Print.cpp.o)
                                                  ./src/photoresistorleddriver.o
Print::print(long, int)                           /Users/ethanKeller/Dropbox/Code/GreenBox/Arduino/arduinolib/libAtMega328PCore.a(Print.cpp.o)
Print::print(unsigned char, int)                  /Users/ethanKeller/Dropbox/Code/GreenBox/Arduino/arduinolib/libAtMega328PCore.a(Print.cpp.o)
Print::print(unsigned int, int)                   /Users/ethanKeller/Dropbox/Code/GreenBox/Arduino/arduinolib/libAtMega328PCore.a(Print.cpp.o)
Print::print(unsigned long, int)                  /Users/ethanKeller/Dropbox/Code/GreenBox/Arduino/arduinolib/libAtMega328PCore.a(Print.cpp.o)
Print::printFloat(double, unsigned char)          /Users/ethanKeller/Dropbox/Code/GreenBox/Arduino/arduinolib/libAtMega328PCore.a(Print.cpp.o)
Print::printNumber(unsigned long, unsigned char)  /Users/ethanKeller/Dropbox/Code/GreenBox/Arduino/arduinolib/libAtMega328PCore.a(Print.cpp.o)
Print::println()                                  /Users/ethanKeller/Dropbox/Code/GreenBox/Arduino/arduinolib/libAtMega328PCore.a(Print.cpp.o)
Print::println(Printable const&)                  /Users/ethanKeller/Dropbox/Code/GreenBox/Arduino/arduinolib/libAtMega328PCore.a(Print.cpp.o)
Print::println(String const&)                     /Users/ethanKeller/Dropbox/Code/GreenBox/Arduino/arduinolib/libAtMega328PCore.a(Print.cpp.o)
Print::println(__FlashStringHelper const*)        /Users/ethanKeller/Dropbox/Code/GreenBox/Arduino/arduinolib/libAtMega328PCore.a(Print.cpp.o)
Print::println(char const*)                       /Users/ethanKeller/Dropbox/Code/GreenBox/Arduino/arduinolib/libAtMega328PCore.a(Print.cpp.o)
Print::println(char)                              /Users/ethanKeller/Dropbox/Code/GreenBox/Arduino/arduinolib/libAtMega328PCore.a(Print.cpp.o)
Print::println(double, int)                       /Users/ethanKeller/Dropbox/Code/GreenBox/Arduino/arduinolib/libAtMega328PCore.a(Print.cpp.o)
Print::println(int, int)                          /Users/ethanKeller/Dropbox/Code/GreenBox/Arduino/arduinolib/libAtMega328PCore.a(Print.cpp.o)
Print::println(long, int)                         /Users/ethanKeller/Dropbox/Code/GreenBox/Arduino/arduinolib/libAtMega328PCore.a(Print.cpp.o)
Print::println(unsigned char, int)                /Users/ethanKeller/Dropbox/Code/GreenBox/Arduino/arduinolib/libAtMega328PCore.a(Print.cpp.o)
Print::println(unsigned int, int)                 /Users/ethanKeller/Dropbox/Code/GreenBox/Arduino/arduinolib/libAtMega328PCore.a(Print.cpp.o)
Print::println(unsigned long, int)                /Users/ethanKeller/Dropbox/Code/GreenBox/Arduino/arduinolib/libAtMega328PCore.a(Print.cpp.o)
Print::write(char const*)                         /Users/ethanKeller/Dropbox/Code/GreenBox/Arduino/arduinolib/libAtMega328PCore.a(Print.cpp.o)
Print::write(unsigned char const*, unsigned int)  /Users/ethanKeller/Dropbox/Code/GreenBox/Arduino/arduinolib/libAtMega328PCore.a(Print.cpp.o)
                                                  /Users/ethanKeller/Dropbox/Code/GreenBox/Arduino/arduinolib/libAtMega328PCore.a(HardwareSerial.cpp.o)
Serial                                            /Users/ethanKeller/Dropbox/Code/GreenBox/Arduino/arduinolib/libAtMega328PCore.a(HardwareSerial0.cpp.o)
                                                  ./src/photoresistorleddriver.o
Serial0_available()                               /Users/ethanKeller/Dropbox/Code/GreenBox/Arduino/arduinolib/libAtMega328PCore.a(HardwareSerial0.cpp.o)
                                                  /Users/ethanKeller/Dropbox/Code/GreenBox/Arduino/arduinolib/libAtMega328PCore.a(HardwareSerial.cpp.o)
__addsf3                                          /opt/local/lib/gcc/avr/4.9.1/../../../../avr/lib/avr5/libm.a(addsf3.o)
                                                  /Users/ethanKeller/Dropbox/Code/GreenBox/Arduino/arduinolib/libAtMega328PCore.a(Print.cpp.o)
__addsf3x                                         /opt/local/lib/gcc/avr/4.9.1/../../../../avr/lib/avr5/libm.a(addsf3x.o)
                                                  /opt/local/lib/gcc/avr/4.9.1/../../../../avr/lib/avr5/libm.a(addsf3.o)
__bad_interrupt                                   /opt/local/lib/gcc/avr/4.9.1/../../../../avr/lib/avr5/crtm328p.o
__bss_end                                         /opt/local/lib/gcc/avr/4.9.1/avr5/libgcc.a(_clear_bss.o)
__bss_start                                       /opt/local/lib/gcc/avr/4.9.1/avr5/libgcc.a(_clear_bss.o)
__cmpsf2                                          /opt/local/lib/gcc/avr/4.9.1/../../../../avr/lib/avr5/libm.a(cmpsf2.o)
__ctors_end                                       /opt/local/lib/gcc/avr/4.9.1/avr5/libgcc.a(_ctors.o)
__ctors_start                                     /opt/local/lib/gcc/avr/4.9.1/avr5/libgcc.a(_ctors.o)
__cxa_deleted_virtual                             /Users/ethanKeller/Dropbox/Code/GreenBox/Arduino/arduinolib/libAtMega328PCore.a(abi.cpp.o)
__cxa_pure_virtual                                /Users/ethanKeller/Dropbox/Code/GreenBox/Arduino/arduinolib/libAtMega328PCore.a(abi.cpp.o)
                                                  /Users/ethanKeller/Dropbox/Code/GreenBox/Arduino/arduinolib/libAtMega328PCore.a(Print.cpp.o)
__data_end                                        /opt/local/lib/gcc/avr/4.9.1/avr5/libgcc.a(_copy_data.o)
__data_load_start                                 /opt/local/lib/gcc/avr/4.9.1/avr5/libgcc.a(_copy_data.o)
__data_start                                      /opt/local/lib/gcc/avr/4.9.1/avr5/libgcc.a(_copy_data.o)
__divmodhi4                                       /opt/local/lib/gcc/avr/4.9.1/avr5/libgcc.a(_divmodhi4.o)
                                                  ./src/photoresistorleddriver.o
__divsf3                                          /opt/local/lib/gcc/avr/4.9.1/../../../../avr/lib/avr5/libm.a(divsf3.o)
                                                  /Users/ethanKeller/Dropbox/Code/GreenBox/Arduino/arduinolib/libAtMega328PCore.a(Print.cpp.o)
__divsf3_pse                                      /opt/local/lib/gcc/avr/4.9.1/../../../../avr/lib/avr5/libm.a(divsf3x.o)
__divsf3x                                         /opt/local/lib/gcc/avr/4.9.1/../../../../avr/lib/avr5/libm.a(divsf3x.o)
                                                  /opt/local/lib/gcc/avr/4.9.1/../../../../avr/lib/avr5/libm.a(divsf3.o)
__do_clear_bss                                    /opt/local/lib/gcc/avr/4.9.1/avr5/libgcc.a(_clear_bss.o)
                                                  /Users/ethanKeller/Dropbox/Code/GreenBox/Arduino/arduinolib/libAtMega328PCore.a(HardwareSerial0.cpp.o)
                                                  /Users/ethanKeller/Dropbox/Code/GreenBox/Arduino/arduinolib/libAtMega328PCore.a(wiring.c.o)
                                                  ./src/photoresistorleddriver.o
__do_copy_data                                    /opt/local/lib/gcc/avr/4.9.1/avr5/libgcc.a(_copy_data.o)
                                                  /Users/ethanKeller/Dropbox/Code/GreenBox/Arduino/arduinolib/libAtMega328PCore.a(Print.cpp.o)
                                                  /Users/ethanKeller/Dropbox/Code/GreenBox/Arduino/arduinolib/libAtMega328PCore.a(HardwareSerial.cpp.o)
                                                  /Users/ethanKeller/Dropbox/Code/GreenBox/Arduino/arduinolib/libAtMega328PCore.a(wiring_analog.c.o)
                                                  ./src/photoresistorleddriver.o
__do_global_ctors                                 /opt/local/lib/gcc/avr/4.9.1/avr5/libgcc.a(_ctors.o)
                                                  /Users/ethanKeller/Dropbox/Code/GreenBox/Arduino/arduinolib/libAtMega328PCore.a(HardwareSerial0.cpp.o)
__eqsf2                                           /opt/local/lib/gcc/avr/4.9.1/../../../../avr/lib/avr5/libm.a(cmpsf2.o)
__fixsfsi                                         /opt/local/lib/gcc/avr/4.9.1/../../../../avr/lib/avr5/libm.a(fixsfsi.o)
                                                  /Users/ethanKeller/Dropbox/Code/GreenBox/Arduino/arduinolib/libAtMega328PCore.a(Print.cpp.o)
__fixunssfsi                                      /opt/local/lib/gcc/avr/4.9.1/../../../../avr/lib/avr5/libm.a(fixunssfsi.o)
                                                  /opt/local/lib/gcc/avr/4.9.1/../../../../avr/lib/avr5/libm.a(fixsfsi.o)
                                                  /Users/ethanKeller/Dropbox/Code/GreenBox/Arduino/arduinolib/libAtMega328PCore.a(Print.cpp.o)
__floatsisf                                       /opt/local/lib/gcc/avr/4.9.1/../../../../avr/lib/avr5/libm.a(floatsisf.o)
                                                  /Users/ethanKeller/Dropbox/Code/GreenBox/Arduino/arduinolib/libAtMega328PCore.a(Print.cpp.o)
__floatunsisf                                     /opt/local/lib/gcc/avr/4.9.1/../../../../avr/lib/avr5/libm.a(floatsisf.o)
                                                  /Users/ethanKeller/Dropbox/Code/GreenBox/Arduino/arduinolib/libAtMega328PCore.a(Print.cpp.o)
__fp_cmp                                          /opt/local/lib/gcc/avr/4.9.1/../../../../avr/lib/avr5/libm.a(fp_cmp.o)
                                                  /opt/local/lib/gcc/avr/4.9.1/../../../../avr/lib/avr5/libm.a(unordsf2.o)
                                                  /opt/local/lib/gcc/avr/4.9.1/../../../../avr/lib/avr5/libm.a(gesf2.o)
                                                  /opt/local/lib/gcc/avr/4.9.1/../../../../avr/lib/avr5/libm.a(cmpsf2.o)
__fp_inf                                          /opt/local/lib/gcc/avr/4.9.1/../../../../avr/lib/avr5/libm.a(fp_inf.o)
                                                  /opt/local/lib/gcc/avr/4.9.1/../../../../avr/lib/avr5/libm.a(mulsf3x.o)
                                                  /opt/local/lib/gcc/avr/4.9.1/../../../../avr/lib/avr5/libm.a(divsf3x.o)
                                                  /opt/local/lib/gcc/avr/4.9.1/../../../../avr/lib/avr5/libm.a(addsf3x.o)
__fp_nan                                          /opt/local/lib/gcc/avr/4.9.1/../../../../avr/lib/avr5/libm.a(fp_nan.o)
                                                  /opt/local/lib/gcc/avr/4.9.1/../../../../avr/lib/avr5/libm.a(mulsf3x.o)
                                                  /opt/local/lib/gcc/avr/4.9.1/../../../../avr/lib/avr5/libm.a(divsf3x.o)
                                                  /opt/local/lib/gcc/avr/4.9.1/../../../../avr/lib/avr5/libm.a(addsf3x.o)
__fp_pscA                                         /opt/local/lib/gcc/avr/4.9.1/../../../../avr/lib/avr5/libm.a(fp_pscA.o)
                                                  /opt/local/lib/gcc/avr/4.9.1/../../../../avr/lib/avr5/libm.a(mulsf3x.o)
                                                  /opt/local/lib/gcc/avr/4.9.1/../../../../avr/lib/avr5/libm.a(divsf3x.o)
                                                  /opt/local/lib/gcc/avr/4.9.1/../../../../avr/lib/avr5/libm.a(addsf3x.o)
__fp_pscB                                         /opt/local/lib/gcc/avr/4.9.1/../../../../avr/lib/avr5/libm.a(fp_pscB.o)
                                                  /opt/local/lib/gcc/avr/4.9.1/../../../../avr/lib/avr5/libm.a(mulsf3x.o)
                                                  /opt/local/lib/gcc/avr/4.9.1/../../../../avr/lib/avr5/libm.a(divsf3x.o)
                                                  /opt/local/lib/gcc/avr/4.9.1/../../../../avr/lib/avr5/libm.a(addsf3x.o)
__fp_round                                        /opt/local/lib/gcc/avr/4.9.1/../../../../avr/lib/avr5/libm.a(fp_round.o)
                                                  /opt/local/lib/gcc/avr/4.9.1/../../../../avr/lib/avr5/libm.a(mulsf3.o)
                                                  /opt/local/lib/gcc/avr/4.9.1/../../../../avr/lib/avr5/libm.a(divsf3.o)
                                                  /opt/local/lib/gcc/avr/4.9.1/../../../../avr/lib/avr5/libm.a(addsf3.o)
__fp_split3                                       /opt/local/lib/gcc/avr/4.9.1/../../../../avr/lib/avr5/libm.a(fp_split3.o)
                                                  /opt/local/lib/gcc/avr/4.9.1/../../../../avr/lib/avr5/libm.a(mulsf3x.o)
                                                  /opt/local/lib/gcc/avr/4.9.1/../../../../avr/lib/avr5/libm.a(divsf3x.o)
                                                  /opt/local/lib/gcc/avr/4.9.1/../../../../avr/lib/avr5/libm.a(addsf3x.o)
__fp_splitA                                       /opt/local/lib/gcc/avr/4.9.1/../../../../avr/lib/avr5/libm.a(fp_split3.o)
                                                  /opt/local/lib/gcc/avr/4.9.1/../../../../avr/lib/avr5/libm.a(fixunssfsi.o)
__fp_szero                                        /opt/local/lib/gcc/avr/4.9.1/../../../../avr/lib/avr5/libm.a(fp_zero.o)
                                                  /opt/local/lib/gcc/avr/4.9.1/../../../../avr/lib/avr5/libm.a(mulsf3x.o)
                                                  /opt/local/lib/gcc/avr/4.9.1/../../../../avr/lib/avr5/libm.a(fixsfsi.o)
                                                  /opt/local/lib/gcc/avr/4.9.1/../../../../avr/lib/avr5/libm.a(divsf3x.o)
__fp_zero                                         /opt/local/lib/gcc/avr/4.9.1/../../../../avr/lib/avr5/libm.a(fp_zero.o)
                                                  /opt/local/lib/gcc/avr/4.9.1/../../../../avr/lib/avr5/libm.a(fixunssfsi.o)
                                                  /opt/local/lib/gcc/avr/4.9.1/../../../../avr/lib/avr5/libm.a(addsf3x.o)
__gesf2                                           /opt/local/lib/gcc/avr/4.9.1/../../../../avr/lib/avr5/libm.a(gesf2.o)
__gtsf2                                           /opt/local/lib/gcc/avr/4.9.1/../../../../avr/lib/avr5/libm.a(gesf2.o)
                                                  /Users/ethanKeller/Dropbox/Code/GreenBox/Arduino/arduinolib/libAtMega328PCore.a(Print.cpp.o)
__heap_end                                        /opt/local/lib/gcc/avr/4.9.1/../../../../avr/lib/avr5/crtm328p.o
__init                                            /opt/local/lib/gcc/avr/4.9.1/../../../../avr/lib/avr5/crtm328p.o
__lesf2                                           /opt/local/lib/gcc/avr/4.9.1/../../../../avr/lib/avr5/libm.a(cmpsf2.o)
                                                  /Users/ethanKeller/Dropbox/Code/GreenBox/Arduino/arduinolib/libAtMega328PCore.a(Print.cpp.o)
__ltsf2                                           /opt/local/lib/gcc/avr/4.9.1/../../../../avr/lib/avr5/libm.a(cmpsf2.o)
                                                  /Users/ethanKeller/Dropbox/Code/GreenBox/Arduino/arduinolib/libAtMega328PCore.a(Print.cpp.o)
__mulsf3                                          /opt/local/lib/gcc/avr/4.9.1/../../../../avr/lib/avr5/libm.a(mulsf3.o)
                                                  /Users/ethanKeller/Dropbox/Code/GreenBox/Arduino/arduinolib/libAtMega328PCore.a(Print.cpp.o)
__mulsf3_pse                                      /opt/local/lib/gcc/avr/4.9.1/../../../../avr/lib/avr5/libm.a(mulsf3x.o)
__mulsf3x                                         /opt/local/lib/gcc/avr/4.9.1/../../../../avr/lib/avr5/libm.a(mulsf3x.o)
                                                  /opt/local/lib/gcc/avr/4.9.1/../../../../avr/lib/avr5/libm.a(mulsf3.o)
__nesf2                                           /opt/local/lib/gcc/avr/4.9.1/../../../../avr/lib/avr5/libm.a(cmpsf2.o)
__stack                                           /opt/local/lib/gcc/avr/4.9.1/../../../../avr/lib/avr5/crtm328p.o
__subsf3                                          /opt/local/lib/gcc/avr/4.9.1/../../../../avr/lib/avr5/libm.a(addsf3.o)
                                                  /Users/ethanKeller/Dropbox/Code/GreenBox/Arduino/arduinolib/libAtMega328PCore.a(Print.cpp.o)
__tablejump2__                                    /opt/local/lib/gcc/avr/4.9.1/avr5/libgcc.a(_tablejump.o)
__tablejump__                                     /opt/local/lib/gcc/avr/4.9.1/avr5/libgcc.a(_tablejump.o)
                                                  /opt/local/lib/gcc/avr/4.9.1/avr5/libgcc.a(_ctors.o)
__udivmodhi4                                      /opt/local/lib/gcc/avr/4.9.1/avr5/libgcc.a(_udivmodhi4.o)
                                                  /opt/local/lib/gcc/avr/4.9.1/avr5/libgcc.a(_divmodhi4.o)
__udivmodsi4                                      /opt/local/lib/gcc/avr/4.9.1/avr5/libgcc.a(_udivmodsi4.o)
                                                  /Users/ethanKeller/Dropbox/Code/GreenBox/Arduino/arduinolib/libAtMega328PCore.a(Print.cpp.o)
                                                  /Users/ethanKeller/Dropbox/Code/GreenBox/Arduino/arduinolib/libAtMega328PCore.a(HardwareSerial.cpp.o)
__unordsf2                                        /opt/local/lib/gcc/avr/4.9.1/../../../../avr/lib/avr5/libm.a(unordsf2.o)
                                                  /Users/ethanKeller/Dropbox/Code/GreenBox/Arduino/arduinolib/libAtMega328PCore.a(Print.cpp.o)
__vector_1                                        /opt/local/lib/gcc/avr/4.9.1/../../../../avr/lib/avr5/crtm328p.o
__vector_10                                       /opt/local/lib/gcc/avr/4.9.1/../../../../avr/lib/avr5/crtm328p.o
__vector_11                                       /opt/local/lib/gcc/avr/4.9.1/../../../../avr/lib/avr5/crtm328p.o
__vector_12                                       /opt/local/lib/gcc/avr/4.9.1/../../../../avr/lib/avr5/crtm328p.o
__vector_13                                       /opt/local/lib/gcc/avr/4.9.1/../../../../avr/lib/avr5/crtm328p.o
__vector_14                                       /opt/local/lib/gcc/avr/4.9.1/../../../../avr/lib/avr5/crtm328p.o
__vector_15                                       /opt/local/lib/gcc/avr/4.9.1/../../../../avr/lib/avr5/crtm328p.o
__vector_16                                       /Users/ethanKeller/Dropbox/Code/GreenBox/Arduino/arduinolib/libAtMega328PCore.a(wiring.c.o)
                                                  /opt/local/lib/gcc/avr/4.9.1/../../../../avr/lib/avr5/crtm328p.o
__vector_17                                       /opt/local/lib/gcc/avr/4.9.1/../../../../avr/lib/avr5/crtm328p.o
__vector_18                                       /Users/ethanKeller/Dropbox/Code/GreenBox/Arduino/arduinolib/libAtMega328PCore.a(HardwareSerial0.cpp.o)
                                                  /opt/local/lib/gcc/avr/4.9.1/../../../../avr/lib/avr5/crtm328p.o
__vector_19                                       /Users/ethanKeller/Dropbox/Code/GreenBox/Arduino/arduinolib/libAtMega328PCore.a(HardwareSerial0.cpp.o)
                                                  /opt/local/lib/gcc/avr/4.9.1/../../../../avr/lib/avr5/crtm328p.o
__vector_2                                        /opt/local/lib/gcc/avr/4.9.1/../../../../avr/lib/avr5/crtm328p.o
__vector_20                                       /opt/local/lib/gcc/avr/4.9.1/../../../../avr/lib/avr5/crtm328p.o
__vector_21                                       /opt/local/lib/gcc/avr/4.9.1/../../../../avr/lib/avr5/crtm328p.o
__vector_22                                       /opt/local/lib/gcc/avr/4.9.1/../../../../avr/lib/avr5/crtm328p.o
__vector_23                                       /opt/local/lib/gcc/avr/4.9.1/../../../../avr/lib/avr5/crtm328p.o
__vector_24                                       /opt/local/lib/gcc/avr/4.9.1/../../../../avr/lib/avr5/crtm328p.o
__vector_25                                       /opt/local/lib/gcc/avr/4.9.1/../../../../avr/lib/avr5/crtm328p.o
__vector_3                                        /opt/local/lib/gcc/avr/4.9.1/../../../../avr/lib/avr5/crtm328p.o
__vector_4                                        /opt/local/lib/gcc/avr/4.9.1/../../../../avr/lib/avr5/crtm328p.o
__vector_5                                        /opt/local/lib/gcc/avr/4.9.1/../../../../avr/lib/avr5/crtm328p.o
__vector_6                                        /opt/local/lib/gcc/avr/4.9.1/../../../../avr/lib/avr5/crtm328p.o
__vector_7                                        /opt/local/lib/gcc/avr/4.9.1/../../../../avr/lib/avr5/crtm328p.o
__vector_8                                        /opt/local/lib/gcc/avr/4.9.1/../../../../avr/lib/avr5/crtm328p.o
__vector_9                                        /opt/local/lib/gcc/avr/4.9.1/../../../../avr/lib/avr5/crtm328p.o
__vector_default                                  /opt/local/lib/gcc/avr/4.9.1/../../../../avr/lib/avr5/crtm328p.o
__vectors                                         /opt/local/lib/gcc/avr/4.9.1/../../../../avr/lib/avr5/crtm328p.o
_div                                              /opt/local/lib/gcc/avr/4.9.1/avr5/libgcc.a(_divmodhi4.o)
_exit                                             /opt/local/lib/gcc/avr/4.9.1/avr5/libgcc.a(_exit.o)
                                                  /opt/local/lib/gcc/avr/4.9.1/../../../../avr/lib/avr5/libc.a(abort.o)
abort                                             /opt/local/lib/gcc/avr/4.9.1/../../../../avr/lib/avr5/libc.a(abort.o)
                                                  /Users/ethanKeller/Dropbox/Code/GreenBox/Arduino/arduinolib/libAtMega328PCore.a(abi.cpp.o)
analogPin                                         ./src/photoresistorleddriver.o
analogRead                                        /Users/ethanKeller/Dropbox/Code/GreenBox/Arduino/arduinolib/libAtMega328PCore.a(wiring_analog.c.o)
                                                  ./src/photoresistorleddriver.o
analogReference                                   /Users/ethanKeller/Dropbox/Code/GreenBox/Arduino/arduinolib/libAtMega328PCore.a(wiring_analog.c.o)
analogWrite                                       /Users/ethanKeller/Dropbox/Code/GreenBox/Arduino/arduinolib/libAtMega328PCore.a(wiring_analog.c.o)
analog_reference                                  /Users/ethanKeller/Dropbox/Code/GreenBox/Arduino/arduinolib/libAtMega328PCore.a(wiring_analog.c.o)
atexit                                            /Users/ethanKeller/Dropbox/Code/GreenBox/Arduino/arduinolib/libAtMega328PCore.a(main.cpp.o)
delay                                             /Users/ethanKeller/Dropbox/Code/GreenBox/Arduino/arduinolib/libAtMega328PCore.a(wiring.c.o)
                                                  ./src/photoresistorleddriver.o
delayMicroseconds                                 /Users/ethanKeller/Dropbox/Code/GreenBox/Arduino/arduinolib/libAtMega328PCore.a(wiring.c.o)
digitalRead                                       /Users/ethanKeller/Dropbox/Code/GreenBox/Arduino/arduinolib/libAtMega328PCore.a(wiring_digital.c.o)
digitalWrite                                      /Users/ethanKeller/Dropbox/Code/GreenBox/Arduino/arduinolib/libAtMega328PCore.a(wiring_digital.c.o)
                                                  /Users/ethanKeller/Dropbox/Code/GreenBox/Arduino/arduinolib/libAtMega328PCore.a(wiring_analog.c.o)
                                                  ./src/photoresistorleddriver.o
digital_pin_to_bit_mask_PGM                       /Users/ethanKeller/Dropbox/Code/GreenBox/Arduino/arduinolib/libAtMega328PCore.a(wiring_digital.c.o)
digital_pin_to_port_PGM                           /Users/ethanKeller/Dropbox/Code/GreenBox/Arduino/arduinolib/libAtMega328PCore.a(wiring_digital.c.o)
digital_pin_to_timer_PGM                          /Users/ethanKeller/Dropbox/Code/GreenBox/Arduino/arduinolib/libAtMega328PCore.a(wiring_digital.c.o)
                                                  /Users/ethanKeller/Dropbox/Code/GreenBox/Arduino/arduinolib/libAtMega328PCore.a(wiring_analog.c.o)
exit                                              /opt/local/lib/gcc/avr/4.9.1/avr5/libgcc.a(_exit.o)
                                                  /opt/local/lib/gcc/avr/4.9.1/../../../../avr/lib/avr5/crtm328p.o
init                                              /Users/ethanKeller/Dropbox/Code/GreenBox/Arduino/arduinolib/libAtMega328PCore.a(wiring.c.o)
                                                  /Users/ethanKeller/Dropbox/Code/GreenBox/Arduino/arduinolib/libAtMega328PCore.a(main.cpp.o)
initVariant                                       /Users/ethanKeller/Dropbox/Code/GreenBox/Arduino/arduinolib/libAtMega328PCore.a(main.cpp.o)
ledPin                                            ./src/photoresistorleddriver.o
loop                                              ./src/photoresistorleddriver.o
                                                  /Users/ethanKeller/Dropbox/Code/GreenBox/Arduino/arduinolib/libAtMega328PCore.a(main.cpp.o)
main                                              /Users/ethanKeller/Dropbox/Code/GreenBox/Arduino/arduinolib/libAtMega328PCore.a(main.cpp.o)
                                                  /opt/local/lib/gcc/avr/4.9.1/../../../../avr/lib/avr5/crtm328p.o
micros                                            /Users/ethanKeller/Dropbox/Code/GreenBox/Arduino/arduinolib/libAtMega328PCore.a(wiring.c.o)
millis                                            /Users/ethanKeller/Dropbox/Code/GreenBox/Arduino/arduinolib/libAtMega328PCore.a(wiring.c.o)
pinMode                                           /Users/ethanKeller/Dropbox/Code/GreenBox/Arduino/arduinolib/libAtMega328PCore.a(wiring_digital.c.o)
                                                  /Users/ethanKeller/Dropbox/Code/GreenBox/Arduino/arduinolib/libAtMega328PCore.a(wiring_analog.c.o)
                                                  ./src/photoresistorleddriver.o
port_to_input_PGM                                 /Users/ethanKeller/Dropbox/Code/GreenBox/Arduino/arduinolib/libAtMega328PCore.a(wiring_digital.c.o)
port_to_mode_PGM                                  /Users/ethanKeller/Dropbox/Code/GreenBox/Arduino/arduinolib/libAtMega328PCore.a(wiring_digital.c.o)
port_to_output_PGM                                /Users/ethanKeller/Dropbox/Code/GreenBox/Arduino/arduinolib/libAtMega328PCore.a(wiring_digital.c.o)
sensorValue                                       ./src/photoresistorleddriver.o
serialEvent()                                     /Users/ethanKeller/Dropbox/Code/GreenBox/Arduino/arduinolib/libAtMega328PCore.a(HardwareSerial.cpp.o)
serialEventRun()                                  /Users/ethanKeller/Dropbox/Code/GreenBox/Arduino/arduinolib/libAtMega328PCore.a(HardwareSerial.cpp.o)
                                                  /Users/ethanKeller/Dropbox/Code/GreenBox/Arduino/arduinolib/libAtMega328PCore.a(main.cpp.o)
setup                                             ./src/photoresistorleddriver.o
                                                  /Users/ethanKeller/Dropbox/Code/GreenBox/Arduino/arduinolib/libAtMega328PCore.a(main.cpp.o)
timer0_millis                                     /Users/ethanKeller/Dropbox/Code/GreenBox/Arduino/arduinolib/libAtMega328PCore.a(wiring.c.o)
timer0_overflow_count                             /Users/ethanKeller/Dropbox/Code/GreenBox/Arduino/arduinolib/libAtMega328PCore.a(wiring.c.o)
vtable for HardwareSerial                         /Users/ethanKeller/Dropbox/Code/GreenBox/Arduino/arduinolib/libAtMega328PCore.a(HardwareSerial.cpp.o)
                                                  /Users/ethanKeller/Dropbox/Code/GreenBox/Arduino/arduinolib/libAtMega328PCore.a(HardwareSerial0.cpp.o)
vtable for Print                                  /Users/ethanKeller/Dropbox/Code/GreenBox/Arduino/arduinolib/libAtMega328PCore.a(Print.cpp.o)
yield                                             /Users/ethanKeller/Dropbox/Code/GreenBox/Arduino/arduinolib/libAtMega328PCore.a(hooks.c.o)
                                                  /Users/ethanKeller/Dropbox/Code/GreenBox/Arduino/arduinolib/libAtMega328PCore.a(wiring.c.o)
